****************************************
Report : timing
        -path_type full
        -delay_type max
        -max_paths 5
        -report_by design
        -nosplit
Design : cv32e40p_top
Version: O-2018.06-SP1
Date   : Thu May 29 05:29:10 2025
****************************************

  Startpoint: core_i/if_stage_i/instr_rdata_id_o_reg[16] (rising edge-triggered flip-flop clocked by clk_i)
  Endpoint: instr_addr_o[31] (output port clocked by clk_i)
  Mode: func
  Corner: slow
  Scenario: func_slow
  Path Group: clk_i
  Path Type: max

  Point                                                                                   Incr      Path  
  ---------------------------------------------------------------------------------------------------------------
  clock clk_i (rise edge)                                                                 0.00      0.00
  clock network delay (ideal)                                                             0.00      0.00

  core_i/if_stage_i/instr_rdata_id_o_reg[16]/CK (SAEDRVT14_FSDPRBQ_V2_2)                  0.00      0.00 r
  core_i/if_stage_i/instr_rdata_id_o_reg[16]/Q (SAEDRVT14_FSDPRBQ_V2_2)                   0.08      0.08 r
  core_i/id_stage_i/U474/CKOUT (SAEDRVT14_CLKSPLT_8)                                      0.04      0.12 r
  core_i/id_stage_i/register_file_i/U100/CKOUTB (SAEDRVT14_CLKSPLT_8)                     0.05      0.17 f
  core_i/id_stage_i/register_file_i/U3913/X (SAEDRVT14_OR2_2)                             0.05      0.22 f
  core_i/id_stage_i/register_file_i/U3914/X (SAEDRVT14_NR2_8)                             0.06      0.28 r
  core_i/id_stage_i/register_file_i/PLACE_HFSINV_482_486/X (SAEDRVT14_INV_S_2)            0.04      0.33 f
  core_i/id_stage_i/register_file_i/PLACE_HFSINV_232_485/X (SAEDRVT14_INV_S_2)            0.05      0.38 r
  core_i/id_stage_i/register_file_i/U3976/X (SAEDRVT14_AO22_2)                            0.04      0.42 r
  core_i/id_stage_i/register_file_i/U3977/X (SAEDRVT14_OR2_2)                             0.02      0.44 r
  core_i/id_stage_i/register_file_i/U3981/X (SAEDRVT14_OR2_2)                             0.02      0.46 r
  core_i/id_stage_i/register_file_i/U3989/X (SAEDRVT14_OA21_MM_2)                         0.03      0.50 r
  core_i/id_stage_i/register_file_i/U3990/X (SAEDRVT14_OR2_2)                             0.04      0.53 r
  core_i/id_stage_i/register_file_i/U3759/X (SAEDRVT14_AN2_MM_2)                          0.04      0.57 r
  core_i/id_stage_i/r153/U1_1/CO (SAEDRVT14_ADDF_V2_2)                                    0.05      0.63 r
  core_i/id_stage_i/r153/U1_2/CO (SAEDRVT14_ADDF_V2_2)                                    0.02      0.65 r
  core_i/id_stage_i/r153/U1_3/CO (SAEDRVT14_ADDF_V2_2)                                    0.02      0.67 r
  core_i/id_stage_i/r153/U1_4/CO (SAEDRVT14_ADDF_V2_2)                                    0.03      0.70 r
  core_i/id_stage_i/r153/U1_5/CO (SAEDRVT14_ADDF_V2_2)                                    0.03      0.73 r
  core_i/id_stage_i/r153/U1_6/CO (SAEDRVT14_ADDF_V2_2)                                    0.03      0.75 r
  core_i/id_stage_i/r153/U1_7/CO (SAEDRVT14_ADDF_V2_2)                                    0.03      0.78 r
  core_i/id_stage_i/r153/U1_8/CO (SAEDRVT14_ADDF_V2_2)                                    0.03      0.81 r
  core_i/id_stage_i/r153/U1_9/CO (SAEDRVT14_ADDF_V2_2)                                    0.03      0.83 r
  core_i/id_stage_i/r153/U1_10/CO (SAEDRVT14_ADDF_V2_2)                                   0.03      0.86 r
  core_i/id_stage_i/r153/U1_11/CO (SAEDRVT14_ADDF_V2_2)                                   0.03      0.89 r
  core_i/id_stage_i/r153/U1_12/CO (SAEDRVT14_ADDF_V2_2)                                   0.03      0.92 r
  core_i/id_stage_i/r153/U1_13/CO (SAEDRVT14_ADDF_V2_2)                                   0.03      0.94 r
  core_i/id_stage_i/r153/U1_14/CO (SAEDRVT14_ADDF_V2_2)                                   0.03      0.97 r
  core_i/id_stage_i/r153/U1_15/CO (SAEDRVT14_ADDF_V2_2)                                   0.03      0.99 r
  core_i/id_stage_i/r153/U1_16/CO (SAEDRVT14_ADDF_V2_2)                                   0.03      1.02 r
  core_i/id_stage_i/r153/U1_17/CO (SAEDRVT14_ADDF_V2_2)                                   0.03      1.05 r
  core_i/id_stage_i/r153/U1_18/CO (SAEDRVT14_ADDF_V2_2)                                   0.03      1.07 r
  core_i/id_stage_i/r153/U1_19/CO (SAEDRVT14_ADDF_V2_2)                                   0.03      1.10 r
  core_i/id_stage_i/r153/U1_20/CO (SAEDRVT14_ADDF_V2_2)                                   0.03      1.12 r
  core_i/id_stage_i/r153/U1_21/CO (SAEDRVT14_ADDF_V2_2)                                   0.03      1.15 r
  core_i/id_stage_i/r153/U1_22/CO (SAEDRVT14_ADDF_V2_2)                                   0.03      1.17 r
  core_i/id_stage_i/r153/U1_23/CO (SAEDRVT14_ADDF_V2_2)                                   0.03      1.20 r
  core_i/id_stage_i/r153/U1_24/CO (SAEDRVT14_ADDF_V2_2)                                   0.03      1.23 r
  core_i/id_stage_i/r153/U1_25/CO (SAEDRVT14_ADDF_V2_2)                                   0.03      1.25 r
  core_i/id_stage_i/r153/U1_26/CO (SAEDRVT14_ADDF_V2_2)                                   0.03      1.28 r
  core_i/id_stage_i/r153/U1_27/CO (SAEDRVT14_ADDF_V2_2)                                   0.03      1.30 r
  core_i/id_stage_i/r153/U1_28/CO (SAEDRVT14_ADDF_V2_2)                                   0.03      1.33 r
  core_i/id_stage_i/r153/U1_29/CO (SAEDRVT14_ADDF_V2_2)                                   0.02      1.35 r
  core_i/id_stage_i/r153/U1_30/CO (SAEDRVT14_ADDF_V2_2)                                   0.02      1.37 r
  core_i/id_stage_i/r153/U1_31/X (SAEDRVT14_EO3_2)                                        0.06      1.44 f
  core_i/id_stage_i/U1781/X (SAEDRVT14_AOI222_2)                                          0.05      1.49 r
  core_i/id_stage_i/U1780/X (SAEDRVT14_INV_S_2)                                           0.01      1.50 f
  core_i/if_stage_i/U316/X (SAEDRVT14_AOI21_V1_4)                                         0.06      1.56 r
  core_i/if_stage_i/U312/X (SAEDRVT14_AN4_2)                                              0.07      1.62 r
  core_i/if_stage_i/U224/X (SAEDRVT14_INV_S_2)                                            0.02      1.64 f
  core_i/if_stage_i/prefetch_buffer_i/prefetch_controller_i/U168/X (SAEDRVT14_AO22_2)     0.03      1.67 f
  core_i/if_stage_i/prefetch_buffer_i/prefetch_controller_i/U166/X (SAEDRVT14_OR2_2)      0.03      1.70 f
  core_i/if_stage_i/prefetch_buffer_i/instruction_obi_i/U275/X (SAEDRVT14_AO22_2)         0.04      1.75 f
  instr_addr_o[31] (out)                                                                  0.00      1.75 f
  data arrival time                                                                                 1.75

  clock clk_i (rise edge)                                                                 5.00      5.00
  clock network delay (ideal)                                                             0.00      5.00
  clock uncertainty                                                                      -0.05      4.95
  output external delay                                                                  -3.00      1.95
  data required time                                                                                1.95
  ---------------------------------------------------------------------------------------------------------------
  data required time                                                                                1.95
  data arrival time                                                                                -1.75
  ---------------------------------------------------------------------------------------------------------------
  slack (MET)                                                                                       0.20



  Startpoint: core_i/if_stage_i/instr_rdata_id_o_reg[16] (rising edge-triggered flip-flop clocked by clk_i)
  Endpoint: instr_addr_o[30] (output port clocked by clk_i)
  Mode: func
  Corner: slow
  Scenario: func_slow
  Path Group: clk_i
  Path Type: max

  Point                                                                                   Incr      Path  
  ---------------------------------------------------------------------------------------------------------------
  clock clk_i (rise edge)                                                                 0.00      0.00
  clock network delay (ideal)                                                             0.00      0.00

  core_i/if_stage_i/instr_rdata_id_o_reg[16]/CK (SAEDRVT14_FSDPRBQ_V2_2)                  0.00      0.00 r
  core_i/if_stage_i/instr_rdata_id_o_reg[16]/Q (SAEDRVT14_FSDPRBQ_V2_2)                   0.08      0.08 r
  core_i/id_stage_i/U474/CKOUT (SAEDRVT14_CLKSPLT_8)                                      0.04      0.12 r
  core_i/id_stage_i/register_file_i/U100/CKOUTB (SAEDRVT14_CLKSPLT_8)                     0.05      0.17 f
  core_i/id_stage_i/register_file_i/U3913/X (SAEDRVT14_OR2_2)                             0.05      0.22 f
  core_i/id_stage_i/register_file_i/U3914/X (SAEDRVT14_NR2_8)                             0.06      0.28 r
  core_i/id_stage_i/register_file_i/PLACE_HFSINV_482_486/X (SAEDRVT14_INV_S_2)            0.04      0.33 f
  core_i/id_stage_i/register_file_i/PLACE_HFSINV_232_485/X (SAEDRVT14_INV_S_2)            0.05      0.38 r
  core_i/id_stage_i/register_file_i/U3976/X (SAEDRVT14_AO22_2)                            0.04      0.42 r
  core_i/id_stage_i/register_file_i/U3977/X (SAEDRVT14_OR2_2)                             0.02      0.44 r
  core_i/id_stage_i/register_file_i/U3981/X (SAEDRVT14_OR2_2)                             0.02      0.46 r
  core_i/id_stage_i/register_file_i/U3989/X (SAEDRVT14_OA21_MM_2)                         0.03      0.50 r
  core_i/id_stage_i/register_file_i/U3990/X (SAEDRVT14_OR2_2)                             0.04      0.53 r
  core_i/id_stage_i/register_file_i/U3759/X (SAEDRVT14_AN2_MM_2)                          0.04      0.57 r
  core_i/id_stage_i/r153/U1_1/CO (SAEDRVT14_ADDF_V2_2)                                    0.05      0.63 r
  core_i/id_stage_i/r153/U1_2/CO (SAEDRVT14_ADDF_V2_2)                                    0.02      0.65 r
  core_i/id_stage_i/r153/U1_3/CO (SAEDRVT14_ADDF_V2_2)                                    0.02      0.67 r
  core_i/id_stage_i/r153/U1_4/CO (SAEDRVT14_ADDF_V2_2)                                    0.03      0.70 r
  core_i/id_stage_i/r153/U1_5/CO (SAEDRVT14_ADDF_V2_2)                                    0.03      0.73 r
  core_i/id_stage_i/r153/U1_6/CO (SAEDRVT14_ADDF_V2_2)                                    0.03      0.75 r
  core_i/id_stage_i/r153/U1_7/CO (SAEDRVT14_ADDF_V2_2)                                    0.03      0.78 r
  core_i/id_stage_i/r153/U1_8/CO (SAEDRVT14_ADDF_V2_2)                                    0.03      0.81 r
  core_i/id_stage_i/r153/U1_9/CO (SAEDRVT14_ADDF_V2_2)                                    0.03      0.83 r
  core_i/id_stage_i/r153/U1_10/CO (SAEDRVT14_ADDF_V2_2)                                   0.03      0.86 r
  core_i/id_stage_i/r153/U1_11/CO (SAEDRVT14_ADDF_V2_2)                                   0.03      0.89 r
  core_i/id_stage_i/r153/U1_12/CO (SAEDRVT14_ADDF_V2_2)                                   0.03      0.92 r
  core_i/id_stage_i/r153/U1_13/CO (SAEDRVT14_ADDF_V2_2)                                   0.03      0.94 r
  core_i/id_stage_i/r153/U1_14/CO (SAEDRVT14_ADDF_V2_2)                                   0.03      0.97 r
  core_i/id_stage_i/r153/U1_15/CO (SAEDRVT14_ADDF_V2_2)                                   0.03      0.99 r
  core_i/id_stage_i/r153/U1_16/CO (SAEDRVT14_ADDF_V2_2)                                   0.03      1.02 r
  core_i/id_stage_i/r153/U1_17/CO (SAEDRVT14_ADDF_V2_2)                                   0.03      1.05 r
  core_i/id_stage_i/r153/U1_18/CO (SAEDRVT14_ADDF_V2_2)                                   0.03      1.07 r
  core_i/id_stage_i/r153/U1_19/CO (SAEDRVT14_ADDF_V2_2)                                   0.03      1.10 r
  core_i/id_stage_i/r153/U1_20/CO (SAEDRVT14_ADDF_V2_2)                                   0.03      1.12 r
  core_i/id_stage_i/r153/U1_21/CO (SAEDRVT14_ADDF_V2_2)                                   0.03      1.15 r
  core_i/id_stage_i/r153/U1_22/CO (SAEDRVT14_ADDF_V2_2)                                   0.03      1.17 r
  core_i/id_stage_i/r153/U1_23/CO (SAEDRVT14_ADDF_V2_2)                                   0.03      1.20 r
  core_i/id_stage_i/r153/U1_24/CO (SAEDRVT14_ADDF_V2_2)                                   0.03      1.23 r
  core_i/id_stage_i/r153/U1_25/CO (SAEDRVT14_ADDF_V2_2)                                   0.03      1.25 r
  core_i/id_stage_i/r153/U1_26/CO (SAEDRVT14_ADDF_V2_2)                                   0.03      1.28 r
  core_i/id_stage_i/r153/U1_27/CO (SAEDRVT14_ADDF_V2_2)                                   0.03      1.30 r
  core_i/id_stage_i/r153/U1_28/CO (SAEDRVT14_ADDF_V2_2)                                   0.03      1.33 r
  core_i/id_stage_i/r153/U1_29/CO (SAEDRVT14_ADDF_V2_2)                                   0.02      1.35 r
  core_i/id_stage_i/r153/U1_30/S (SAEDRVT14_ADDF_V2_2)                                    0.04      1.39 f
  core_i/id_stage_i/U1783/X (SAEDRVT14_AOI222_2)                                          0.05      1.44 r
  core_i/id_stage_i/U1782/X (SAEDRVT14_INV_S_2)                                           0.01      1.45 f
  core_i/if_stage_i/U321/X (SAEDRVT14_AOI21_V1_4)                                         0.06      1.51 r
  core_i/if_stage_i/U317/X (SAEDRVT14_AN4_2)                                              0.07      1.58 r
  core_i/if_stage_i/U225/X (SAEDRVT14_INV_S_2)                                            0.02      1.59 f
  core_i/if_stage_i/prefetch_buffer_i/prefetch_controller_i/U83/X (SAEDRVT14_AO22_2)      0.03      1.62 f
  core_i/if_stage_i/prefetch_buffer_i/prefetch_controller_i/U81/X (SAEDRVT14_OR2_2)       0.03      1.65 f
  core_i/if_stage_i/prefetch_buffer_i/instruction_obi_i/U162/X (SAEDRVT14_AO22_2)         0.04      1.69 f
  instr_addr_o[30] (out)                                                                  0.00      1.69 f
  data arrival time                                                                                 1.69

  clock clk_i (rise edge)                                                                 5.00      5.00
  clock network delay (ideal)                                                             0.00      5.00
  clock uncertainty                                                                      -0.05      4.95
  output external delay                                                                  -3.00      1.95
  data required time                                                                                1.95
  ---------------------------------------------------------------------------------------------------------------
  data required time                                                                                1.95
  data arrival time                                                                                -1.69
  ---------------------------------------------------------------------------------------------------------------
  slack (MET)                                                                                       0.26



  Startpoint: core_i/if_stage_i/instr_rdata_id_o_reg[16] (rising edge-triggered flip-flop clocked by clk_i)
  Endpoint: instr_addr_o[29] (output port clocked by clk_i)
  Mode: func
  Corner: slow
  Scenario: func_slow
  Path Group: clk_i
  Path Type: max

  Point                                                                                   Incr      Path  
  ---------------------------------------------------------------------------------------------------------------
  clock clk_i (rise edge)                                                                 0.00      0.00
  clock network delay (ideal)                                                             0.00      0.00

  core_i/if_stage_i/instr_rdata_id_o_reg[16]/CK (SAEDRVT14_FSDPRBQ_V2_2)                  0.00      0.00 r
  core_i/if_stage_i/instr_rdata_id_o_reg[16]/Q (SAEDRVT14_FSDPRBQ_V2_2)                   0.08      0.08 r
  core_i/id_stage_i/U474/CKOUT (SAEDRVT14_CLKSPLT_8)                                      0.04      0.12 r
  core_i/id_stage_i/register_file_i/U100/CKOUTB (SAEDRVT14_CLKSPLT_8)                     0.05      0.17 f
  core_i/id_stage_i/register_file_i/U3913/X (SAEDRVT14_OR2_2)                             0.05      0.22 f
  core_i/id_stage_i/register_file_i/U3914/X (SAEDRVT14_NR2_8)                             0.06      0.28 r
  core_i/id_stage_i/register_file_i/PLACE_HFSINV_482_486/X (SAEDRVT14_INV_S_2)            0.04      0.33 f
  core_i/id_stage_i/register_file_i/PLACE_HFSINV_232_485/X (SAEDRVT14_INV_S_2)            0.05      0.38 r
  core_i/id_stage_i/register_file_i/U3976/X (SAEDRVT14_AO22_2)                            0.04      0.42 r
  core_i/id_stage_i/register_file_i/U3977/X (SAEDRVT14_OR2_2)                             0.02      0.44 r
  core_i/id_stage_i/register_file_i/U3981/X (SAEDRVT14_OR2_2)                             0.02      0.46 r
  core_i/id_stage_i/register_file_i/U3989/X (SAEDRVT14_OA21_MM_2)                         0.03      0.50 r
  core_i/id_stage_i/register_file_i/U3990/X (SAEDRVT14_OR2_2)                             0.04      0.53 r
  core_i/id_stage_i/register_file_i/U3759/X (SAEDRVT14_AN2_MM_2)                          0.04      0.57 r
  core_i/id_stage_i/r153/U1_1/CO (SAEDRVT14_ADDF_V2_2)                                    0.05      0.63 r
  core_i/id_stage_i/r153/U1_2/CO (SAEDRVT14_ADDF_V2_2)                                    0.02      0.65 r
  core_i/id_stage_i/r153/U1_3/CO (SAEDRVT14_ADDF_V2_2)                                    0.02      0.67 r
  core_i/id_stage_i/r153/U1_4/CO (SAEDRVT14_ADDF_V2_2)                                    0.03      0.70 r
  core_i/id_stage_i/r153/U1_5/CO (SAEDRVT14_ADDF_V2_2)                                    0.03      0.73 r
  core_i/id_stage_i/r153/U1_6/CO (SAEDRVT14_ADDF_V2_2)                                    0.03      0.75 r
  core_i/id_stage_i/r153/U1_7/CO (SAEDRVT14_ADDF_V2_2)                                    0.03      0.78 r
  core_i/id_stage_i/r153/U1_8/CO (SAEDRVT14_ADDF_V2_2)                                    0.03      0.81 r
  core_i/id_stage_i/r153/U1_9/CO (SAEDRVT14_ADDF_V2_2)                                    0.03      0.83 r
  core_i/id_stage_i/r153/U1_10/CO (SAEDRVT14_ADDF_V2_2)                                   0.03      0.86 r
  core_i/id_stage_i/r153/U1_11/CO (SAEDRVT14_ADDF_V2_2)                                   0.03      0.89 r
  core_i/id_stage_i/r153/U1_12/CO (SAEDRVT14_ADDF_V2_2)                                   0.03      0.92 r
  core_i/id_stage_i/r153/U1_13/CO (SAEDRVT14_ADDF_V2_2)                                   0.03      0.94 r
  core_i/id_stage_i/r153/U1_14/CO (SAEDRVT14_ADDF_V2_2)                                   0.03      0.97 r
  core_i/id_stage_i/r153/U1_15/CO (SAEDRVT14_ADDF_V2_2)                                   0.03      0.99 r
  core_i/id_stage_i/r153/U1_16/CO (SAEDRVT14_ADDF_V2_2)                                   0.03      1.02 r
  core_i/id_stage_i/r153/U1_17/CO (SAEDRVT14_ADDF_V2_2)                                   0.03      1.05 r
  core_i/id_stage_i/r153/U1_18/CO (SAEDRVT14_ADDF_V2_2)                                   0.03      1.07 r
  core_i/id_stage_i/r153/U1_19/CO (SAEDRVT14_ADDF_V2_2)                                   0.03      1.10 r
  core_i/id_stage_i/r153/U1_20/CO (SAEDRVT14_ADDF_V2_2)                                   0.03      1.12 r
  core_i/id_stage_i/r153/U1_21/CO (SAEDRVT14_ADDF_V2_2)                                   0.03      1.15 r
  core_i/id_stage_i/r153/U1_22/CO (SAEDRVT14_ADDF_V2_2)                                   0.03      1.17 r
  core_i/id_stage_i/r153/U1_23/CO (SAEDRVT14_ADDF_V2_2)                                   0.03      1.20 r
  core_i/id_stage_i/r153/U1_24/CO (SAEDRVT14_ADDF_V2_2)                                   0.03      1.23 r
  core_i/id_stage_i/r153/U1_25/CO (SAEDRVT14_ADDF_V2_2)                                   0.03      1.25 r
  core_i/id_stage_i/r153/U1_26/CO (SAEDRVT14_ADDF_V2_2)                                   0.03      1.28 r
  core_i/id_stage_i/r153/U1_27/CO (SAEDRVT14_ADDF_V2_2)                                   0.03      1.30 r
  core_i/id_stage_i/r153/U1_28/CO (SAEDRVT14_ADDF_V2_2)                                   0.03      1.33 r
  core_i/id_stage_i/r153/U1_29/S (SAEDRVT14_ADDF_V2_2)                                    0.04      1.36 f
  core_i/id_stage_i/U1787/X (SAEDRVT14_AOI222_2)                                          0.05      1.42 r
  core_i/id_stage_i/U1786/X (SAEDRVT14_INV_S_2)                                           0.01      1.43 f
  core_i/if_stage_i/U331/X (SAEDRVT14_AOI21_V1_4)                                         0.05      1.48 r
  core_i/if_stage_i/U327/X (SAEDRVT14_AN4_2)                                              0.07      1.55 r
  core_i/if_stage_i/U226/X (SAEDRVT14_INV_S_2)                                            0.02      1.57 f
  core_i/if_stage_i/prefetch_buffer_i/prefetch_controller_i/U86/X (SAEDRVT14_AO22_2)      0.03      1.60 f
  core_i/if_stage_i/prefetch_buffer_i/prefetch_controller_i/U84/X (SAEDRVT14_OR2_2)       0.03      1.62 f
  core_i/if_stage_i/prefetch_buffer_i/instruction_obi_i/U157/X (SAEDRVT14_AO22_2)         0.04      1.66 f
  instr_addr_o[29] (out)                                                                  0.00      1.66 f
  data arrival time                                                                                 1.66

  clock clk_i (rise edge)                                                                 5.00      5.00
  clock network delay (ideal)                                                             0.00      5.00
  clock uncertainty                                                                      -0.05      4.95
  output external delay                                                                  -3.00      1.95
  data required time                                                                                1.95
  ---------------------------------------------------------------------------------------------------------------
  data required time                                                                                1.95
  data arrival time                                                                                -1.66
  ---------------------------------------------------------------------------------------------------------------
  slack (MET)                                                                                       0.29



  Startpoint: core_i/if_stage_i/instr_rdata_id_o_reg[16] (rising edge-triggered flip-flop clocked by clk_i)
  Endpoint: instr_addr_o[28] (output port clocked by clk_i)
  Mode: func
  Corner: slow
  Scenario: func_slow
  Path Group: clk_i
  Path Type: max

  Point                                                                                   Incr      Path  
  ---------------------------------------------------------------------------------------------------------------
  clock clk_i (rise edge)                                                                 0.00      0.00
  clock network delay (ideal)                                                             0.00      0.00

  core_i/if_stage_i/instr_rdata_id_o_reg[16]/CK (SAEDRVT14_FSDPRBQ_V2_2)                  0.00      0.00 r
  core_i/if_stage_i/instr_rdata_id_o_reg[16]/Q (SAEDRVT14_FSDPRBQ_V2_2)                   0.08      0.08 r
  core_i/id_stage_i/U474/CKOUT (SAEDRVT14_CLKSPLT_8)                                      0.04      0.12 r
  core_i/id_stage_i/register_file_i/U100/CKOUTB (SAEDRVT14_CLKSPLT_8)                     0.05      0.17 f
  core_i/id_stage_i/register_file_i/U3913/X (SAEDRVT14_OR2_2)                             0.05      0.22 f
  core_i/id_stage_i/register_file_i/U3914/X (SAEDRVT14_NR2_8)                             0.06      0.28 r
  core_i/id_stage_i/register_file_i/PLACE_HFSINV_482_486/X (SAEDRVT14_INV_S_2)            0.04      0.33 f
  core_i/id_stage_i/register_file_i/PLACE_HFSINV_232_485/X (SAEDRVT14_INV_S_2)            0.05      0.38 r
  core_i/id_stage_i/register_file_i/U3976/X (SAEDRVT14_AO22_2)                            0.04      0.42 r
  core_i/id_stage_i/register_file_i/U3977/X (SAEDRVT14_OR2_2)                             0.02      0.44 r
  core_i/id_stage_i/register_file_i/U3981/X (SAEDRVT14_OR2_2)                             0.02      0.46 r
  core_i/id_stage_i/register_file_i/U3989/X (SAEDRVT14_OA21_MM_2)                         0.03      0.50 r
  core_i/id_stage_i/register_file_i/U3990/X (SAEDRVT14_OR2_2)                             0.04      0.53 r
  core_i/id_stage_i/register_file_i/U3759/X (SAEDRVT14_AN2_MM_2)                          0.04      0.57 r
  core_i/id_stage_i/r153/U1_1/CO (SAEDRVT14_ADDF_V2_2)                                    0.05      0.63 r
  core_i/id_stage_i/r153/U1_2/CO (SAEDRVT14_ADDF_V2_2)                                    0.02      0.65 r
  core_i/id_stage_i/r153/U1_3/CO (SAEDRVT14_ADDF_V2_2)                                    0.02      0.67 r
  core_i/id_stage_i/r153/U1_4/CO (SAEDRVT14_ADDF_V2_2)                                    0.03      0.70 r
  core_i/id_stage_i/r153/U1_5/CO (SAEDRVT14_ADDF_V2_2)                                    0.03      0.73 r
  core_i/id_stage_i/r153/U1_6/CO (SAEDRVT14_ADDF_V2_2)                                    0.03      0.75 r
  core_i/id_stage_i/r153/U1_7/CO (SAEDRVT14_ADDF_V2_2)                                    0.03      0.78 r
  core_i/id_stage_i/r153/U1_8/CO (SAEDRVT14_ADDF_V2_2)                                    0.03      0.81 r
  core_i/id_stage_i/r153/U1_9/CO (SAEDRVT14_ADDF_V2_2)                                    0.03      0.83 r
  core_i/id_stage_i/r153/U1_10/CO (SAEDRVT14_ADDF_V2_2)                                   0.03      0.86 r
  core_i/id_stage_i/r153/U1_11/CO (SAEDRVT14_ADDF_V2_2)                                   0.03      0.89 r
  core_i/id_stage_i/r153/U1_12/CO (SAEDRVT14_ADDF_V2_2)                                   0.03      0.92 r
  core_i/id_stage_i/r153/U1_13/CO (SAEDRVT14_ADDF_V2_2)                                   0.03      0.94 r
  core_i/id_stage_i/r153/U1_14/CO (SAEDRVT14_ADDF_V2_2)                                   0.03      0.97 r
  core_i/id_stage_i/r153/U1_15/CO (SAEDRVT14_ADDF_V2_2)                                   0.03      0.99 r
  core_i/id_stage_i/r153/U1_16/CO (SAEDRVT14_ADDF_V2_2)                                   0.03      1.02 r
  core_i/id_stage_i/r153/U1_17/CO (SAEDRVT14_ADDF_V2_2)                                   0.03      1.05 r
  core_i/id_stage_i/r153/U1_18/CO (SAEDRVT14_ADDF_V2_2)                                   0.03      1.07 r
  core_i/id_stage_i/r153/U1_19/CO (SAEDRVT14_ADDF_V2_2)                                   0.03      1.10 r
  core_i/id_stage_i/r153/U1_20/CO (SAEDRVT14_ADDF_V2_2)                                   0.03      1.12 r
  core_i/id_stage_i/r153/U1_21/CO (SAEDRVT14_ADDF_V2_2)                                   0.03      1.15 r
  core_i/id_stage_i/r153/U1_22/CO (SAEDRVT14_ADDF_V2_2)                                   0.03      1.17 r
  core_i/id_stage_i/r153/U1_23/CO (SAEDRVT14_ADDF_V2_2)                                   0.03      1.20 r
  core_i/id_stage_i/r153/U1_24/CO (SAEDRVT14_ADDF_V2_2)                                   0.03      1.23 r
  core_i/id_stage_i/r153/U1_25/CO (SAEDRVT14_ADDF_V2_2)                                   0.03      1.25 r
  core_i/id_stage_i/r153/U1_26/CO (SAEDRVT14_ADDF_V2_2)                                   0.03      1.28 r
  core_i/id_stage_i/r153/U1_27/CO (SAEDRVT14_ADDF_V2_2)                                   0.03      1.30 r
  core_i/id_stage_i/r153/U1_28/S (SAEDRVT14_ADDF_V2_2)                                    0.04      1.34 f
  core_i/id_stage_i/U1789/X (SAEDRVT14_AOI222_2)                                          0.05      1.39 r
  core_i/id_stage_i/U1788/X (SAEDRVT14_INV_S_2)                                           0.01      1.40 f
  core_i/if_stage_i/U336/X (SAEDRVT14_AOI21_V1_4)                                         0.06      1.46 r
  core_i/if_stage_i/U332/X (SAEDRVT14_AN4_2)                                              0.07      1.53 r
  core_i/if_stage_i/U227/X (SAEDRVT14_INV_S_2)                                            0.02      1.54 f
  core_i/if_stage_i/prefetch_buffer_i/prefetch_controller_i/U89/X (SAEDRVT14_AO22_2)      0.03      1.57 f
  core_i/if_stage_i/prefetch_buffer_i/prefetch_controller_i/U87/X (SAEDRVT14_OR2_2)       0.03      1.60 f
  core_i/if_stage_i/prefetch_buffer_i/instruction_obi_i/U156/X (SAEDRVT14_AO22_2)         0.03      1.64 f
  instr_addr_o[28] (out)                                                                  0.00      1.64 f
  data arrival time                                                                                 1.64

  clock clk_i (rise edge)                                                                 5.00      5.00
  clock network delay (ideal)                                                             0.00      5.00
  clock uncertainty                                                                      -0.05      4.95
  output external delay                                                                  -3.00      1.95
  data required time                                                                                1.95
  ---------------------------------------------------------------------------------------------------------------
  data required time                                                                                1.95
  data arrival time                                                                                -1.64
  ---------------------------------------------------------------------------------------------------------------
  slack (MET)                                                                                       0.31



  Startpoint: core_i/if_stage_i/instr_rdata_id_o_reg[16] (rising edge-triggered flip-flop clocked by clk_i)
  Endpoint: instr_addr_o[27] (output port clocked by clk_i)
  Mode: func
  Corner: slow
  Scenario: func_slow
  Path Group: clk_i
  Path Type: max

  Point                                                                                   Incr      Path  
  ---------------------------------------------------------------------------------------------------------------
  clock clk_i (rise edge)                                                                 0.00      0.00
  clock network delay (ideal)                                                             0.00      0.00

  core_i/if_stage_i/instr_rdata_id_o_reg[16]/CK (SAEDRVT14_FSDPRBQ_V2_2)                  0.00      0.00 r
  core_i/if_stage_i/instr_rdata_id_o_reg[16]/Q (SAEDRVT14_FSDPRBQ_V2_2)                   0.08      0.08 r
  core_i/id_stage_i/U474/CKOUT (SAEDRVT14_CLKSPLT_8)                                      0.04      0.12 r
  core_i/id_stage_i/register_file_i/U100/CKOUTB (SAEDRVT14_CLKSPLT_8)                     0.05      0.17 f
  core_i/id_stage_i/register_file_i/U3913/X (SAEDRVT14_OR2_2)                             0.05      0.22 f
  core_i/id_stage_i/register_file_i/U3914/X (SAEDRVT14_NR2_8)                             0.06      0.28 r
  core_i/id_stage_i/register_file_i/PLACE_HFSINV_482_486/X (SAEDRVT14_INV_S_2)            0.04      0.33 f
  core_i/id_stage_i/register_file_i/PLACE_HFSINV_232_485/X (SAEDRVT14_INV_S_2)            0.05      0.38 r
  core_i/id_stage_i/register_file_i/U3976/X (SAEDRVT14_AO22_2)                            0.04      0.42 r
  core_i/id_stage_i/register_file_i/U3977/X (SAEDRVT14_OR2_2)                             0.02      0.44 r
  core_i/id_stage_i/register_file_i/U3981/X (SAEDRVT14_OR2_2)                             0.02      0.46 r
  core_i/id_stage_i/register_file_i/U3989/X (SAEDRVT14_OA21_MM_2)                         0.03      0.50 r
  core_i/id_stage_i/register_file_i/U3990/X (SAEDRVT14_OR2_2)                             0.04      0.53 r
  core_i/id_stage_i/register_file_i/U3759/X (SAEDRVT14_AN2_MM_2)                          0.04      0.57 r
  core_i/id_stage_i/r153/U1_1/CO (SAEDRVT14_ADDF_V2_2)                                    0.05      0.63 r
  core_i/id_stage_i/r153/U1_2/CO (SAEDRVT14_ADDF_V2_2)                                    0.02      0.65 r
  core_i/id_stage_i/r153/U1_3/CO (SAEDRVT14_ADDF_V2_2)                                    0.02      0.67 r
  core_i/id_stage_i/r153/U1_4/CO (SAEDRVT14_ADDF_V2_2)                                    0.03      0.70 r
  core_i/id_stage_i/r153/U1_5/CO (SAEDRVT14_ADDF_V2_2)                                    0.03      0.73 r
  core_i/id_stage_i/r153/U1_6/CO (SAEDRVT14_ADDF_V2_2)                                    0.03      0.75 r
  core_i/id_stage_i/r153/U1_7/CO (SAEDRVT14_ADDF_V2_2)                                    0.03      0.78 r
  core_i/id_stage_i/r153/U1_8/CO (SAEDRVT14_ADDF_V2_2)                                    0.03      0.81 r
  core_i/id_stage_i/r153/U1_9/CO (SAEDRVT14_ADDF_V2_2)                                    0.03      0.83 r
  core_i/id_stage_i/r153/U1_10/CO (SAEDRVT14_ADDF_V2_2)                                   0.03      0.86 r
  core_i/id_stage_i/r153/U1_11/CO (SAEDRVT14_ADDF_V2_2)                                   0.03      0.89 r
  core_i/id_stage_i/r153/U1_12/CO (SAEDRVT14_ADDF_V2_2)                                   0.03      0.92 r
  core_i/id_stage_i/r153/U1_13/CO (SAEDRVT14_ADDF_V2_2)                                   0.03      0.94 r
  core_i/id_stage_i/r153/U1_14/CO (SAEDRVT14_ADDF_V2_2)                                   0.03      0.97 r
  core_i/id_stage_i/r153/U1_15/CO (SAEDRVT14_ADDF_V2_2)                                   0.03      0.99 r
  core_i/id_stage_i/r153/U1_16/CO (SAEDRVT14_ADDF_V2_2)                                   0.03      1.02 r
  core_i/id_stage_i/r153/U1_17/CO (SAEDRVT14_ADDF_V2_2)                                   0.03      1.05 r
  core_i/id_stage_i/r153/U1_18/CO (SAEDRVT14_ADDF_V2_2)                                   0.03      1.07 r
  core_i/id_stage_i/r153/U1_19/CO (SAEDRVT14_ADDF_V2_2)                                   0.03      1.10 r
  core_i/id_stage_i/r153/U1_20/CO (SAEDRVT14_ADDF_V2_2)                                   0.03      1.12 r
  core_i/id_stage_i/r153/U1_21/CO (SAEDRVT14_ADDF_V2_2)                                   0.03      1.15 r
  core_i/id_stage_i/r153/U1_22/CO (SAEDRVT14_ADDF_V2_2)                                   0.03      1.17 r
  core_i/id_stage_i/r153/U1_23/CO (SAEDRVT14_ADDF_V2_2)                                   0.03      1.20 r
  core_i/id_stage_i/r153/U1_24/CO (SAEDRVT14_ADDF_V2_2)                                   0.03      1.23 r
  core_i/id_stage_i/r153/U1_25/CO (SAEDRVT14_ADDF_V2_2)                                   0.03      1.25 r
  core_i/id_stage_i/r153/U1_26/CO (SAEDRVT14_ADDF_V2_2)                                   0.03      1.28 r
  core_i/id_stage_i/r153/U1_27/S (SAEDRVT14_ADDF_V2_2)                                    0.04      1.31 f
  core_i/id_stage_i/U1791/X (SAEDRVT14_AOI222_2)                                          0.06      1.37 r
  core_i/id_stage_i/U1790/X (SAEDRVT14_INV_S_2)                                           0.01      1.38 f
  core_i/if_stage_i/U341/X (SAEDRVT14_AOI21_V1_4)                                         0.06      1.44 r
  core_i/if_stage_i/U337/X (SAEDRVT14_AN4_2)                                              0.07      1.50 r
  core_i/if_stage_i/U228/X (SAEDRVT14_INV_S_2)                                            0.02      1.52 f
  core_i/if_stage_i/prefetch_buffer_i/prefetch_controller_i/U92/X (SAEDRVT14_AO22_2)      0.03      1.55 f
  core_i/if_stage_i/prefetch_buffer_i/prefetch_controller_i/U90/X (SAEDRVT14_OR2_2)       0.03      1.58 f
  core_i/if_stage_i/prefetch_buffer_i/instruction_obi_i/U155/X (SAEDRVT14_AO22_2)         0.03      1.62 f
  instr_addr_o[27] (out)                                                                  0.00      1.62 f
  data arrival time                                                                                 1.62

  clock clk_i (rise edge)                                                                 5.00      5.00
  clock network delay (ideal)                                                             0.00      5.00
  clock uncertainty                                                                      -0.05      4.95
  output external delay                                                                  -3.00      1.95
  data required time                                                                                1.95
  ---------------------------------------------------------------------------------------------------------------
  data required time                                                                                1.95
  data arrival time                                                                                -1.62
  ---------------------------------------------------------------------------------------------------------------
  slack (MET)                                                                                       0.33


1
