****************************************
Report : net
Design : cv32e40p_top
Version: O-2018.06-SP1
Date   : Thu May  8 16:45:16 2025
****************************************

Attributes
    d - user dont_touch
    D - derived dont_touch


Net                 Fanout    Fanin   Pins         Attributes
--------------------------------------------------------------------------------
SE                       2        1      3         
SI[0]                    1        1      2         
SI[1]                    1        1      2         
SI[2]                    1        1      2         
SI[3]                    1        1      2         
SI[4]                    1        1      2         
SO[0]                    8        1      9         
SO[1]                    5        1      6         
SO[2]                    5        1      6         
SO[4]                    4        1      5         
apu_clk                  1        1      2         
boot_addr_i[0]           0        1      1         
boot_addr_i[10]          1        1      2         
boot_addr_i[11]          1        1      2         
boot_addr_i[12]          1        1      2         
boot_addr_i[13]          1        1      2         
boot_addr_i[14]          1        1      2         
boot_addr_i[15]          1        1      2         
boot_addr_i[16]          1        1      2         
boot_addr_i[17]          1        1      2         
boot_addr_i[18]          1        1      2         
boot_addr_i[19]          1        1      2         
boot_addr_i[1]           0        1      1         
boot_addr_i[20]          1        1      2         
boot_addr_i[21]          1        1      2         
boot_addr_i[22]          1        1      2         
boot_addr_i[23]          1        1      2         
boot_addr_i[24]          1        1      2         
boot_addr_i[25]          1        1      2         
boot_addr_i[26]          1        1      2         
boot_addr_i[27]          1        1      2         
boot_addr_i[28]          1        1      2         
boot_addr_i[29]          1        1      2         
boot_addr_i[2]           1        1      2         
boot_addr_i[30]          1        1      2         
boot_addr_i[31]          1        1      2         
boot_addr_i[3]           1        1      2         
boot_addr_i[4]           1        1      2         
boot_addr_i[5]           1        1      2         
boot_addr_i[6]           1        1      2         
boot_addr_i[7]           1        1      2         
boot_addr_i[8]           1        1      2         
boot_addr_i[9]           1        1      2         
clk_i                    1        1      2         
clk_i_scan               4        1      5         
core_sleep_o             1        1      2         
data_addr_o[0]           2        1      3         
data_addr_o[10]          1        1      2         
data_addr_o[11]          1        1      2         
data_addr_o[12]          1        1      2         
data_addr_o[13]          1        1      2         
data_addr_o[14]          1        1      2         
data_addr_o[15]          1        1      2         
data_addr_o[16]          1        1      2         
data_addr_o[17]          1        1      2         
data_addr_o[18]          1        1      2         
data_addr_o[19]          1        1      2         
data_addr_o[1]           1        1      2         
data_addr_o[20]          1        1      2         
data_addr_o[21]          1        1      2         
data_addr_o[22]          1        1      2         
data_addr_o[23]          1        1      2         
data_addr_o[24]          1        1      2         
data_addr_o[25]          1        1      2         
data_addr_o[26]          1        1      2         
data_addr_o[27]          1        1      2         
data_addr_o[28]          1        1      2         
data_addr_o[29]          1        1      2         
data_addr_o[2]           1        1      2         
data_addr_o[30]          1        1      2         
data_addr_o[31]          1        1      2         
data_addr_o[3]           1        1      2         
data_addr_o[4]           1        1      2         
data_addr_o[5]           1        1      2         
data_addr_o[6]           1        1      2         
data_addr_o[7]           1        1      2         
data_addr_o[8]           1        1      2         
data_addr_o[9]           1        1      2         
data_be_o[0]             1        1      2         
data_be_o[1]             1        1      2         
data_be_o[2]             1        1      2         
data_be_o[3]             1        1      2         
data_gnt_i               1        1      2         
data_rdata_i[0]          3        1      4         
data_rdata_i[10]         2        1      3         
data_rdata_i[11]         2        1      3         
data_rdata_i[12]         2        1      3         
data_rdata_i[13]         2        1      3         
data_rdata_i[14]         2        1      3         
data_rdata_i[15]         3        1      4         
data_rdata_i[16]         1        1      2         
data_rdata_i[17]         1        1      2         
data_rdata_i[18]         1        1      2         
data_rdata_i[19]         1        1      2         
data_rdata_i[1]          3        1      4         
data_rdata_i[20]         1        1      2         
data_rdata_i[21]         1        1      2         
data_rdata_i[22]         1        1      2         
data_rdata_i[23]         1        1      2         
data_rdata_i[24]         1        1      2         
data_rdata_i[25]         1        1      2         
data_rdata_i[26]         1        1      2         
data_rdata_i[27]         1        1      2         
data_rdata_i[28]         1        1      2         
data_rdata_i[29]         1        1      2         
data_rdata_i[2]          3        1      4         
data_rdata_i[30]         1        1      2         
data_rdata_i[31]         2        1      3         
data_rdata_i[3]          3        1      4         
data_rdata_i[4]          3        1      4         
data_rdata_i[5]          3        1      4         
data_rdata_i[6]          3        1      4         
data_rdata_i[7]          4        1      5         
data_rdata_i[8]          2        1      3         
data_rdata_i[9]          2        1      3         
data_req_o               4        1      5         
data_rvalid_i            8        1      9         
data_wdata_o[0]          1        1      2         
data_wdata_o[10]         1        1      2         
data_wdata_o[11]         1        1      2         
data_wdata_o[12]         1        1      2         
data_wdata_o[13]         1        1      2         
data_wdata_o[14]         1        1      2         
data_wdata_o[15]         1        1      2         
data_wdata_o[16]         1        1      2         
data_wdata_o[17]         1        1      2         
data_wdata_o[18]         1        1      2         
data_wdata_o[19]         1        1      2         
data_wdata_o[1]          1        1      2         
data_wdata_o[20]         1        1      2         
data_wdata_o[21]         1        1      2         
data_wdata_o[22]         1        1      2         
data_wdata_o[23]         1        1      2         
data_wdata_o[24]         1        1      2         
data_wdata_o[25]         1        1      2         
data_wdata_o[26]         1        1      2         
data_wdata_o[27]         1        1      2         
data_wdata_o[28]         1        1      2         
data_wdata_o[29]         1        1      2         
data_wdata_o[2]          1        1      2         
data_wdata_o[30]         1        1      2         
data_wdata_o[31]         1        1      2         
data_wdata_o[3]          1        1      2         
data_wdata_o[4]          1        1      2         
data_wdata_o[5]          1        1      2         
data_wdata_o[6]          1        1      2         
data_wdata_o[7]          1        1      2         
data_wdata_o[8]          1        1      2         
data_wdata_o[9]          1        1      2         
data_we_o                6        1      7         
debug_halted_o           5        1      6         
debug_havereset_o        6        1      7         
debug_req_i              1        1      2         
debug_running_o          4        1      5         
dm_exception_addr_i[0]
                         0        1      1         
dm_exception_addr_i[10]
                         1        1      2         
dm_exception_addr_i[11]
                         1        1      2         
dm_exception_addr_i[12]
                         1        1      2         
dm_exception_addr_i[13]
                         1        1      2         
dm_exception_addr_i[14]
                         1        1      2         
dm_exception_addr_i[15]
                         1        1      2         
dm_exception_addr_i[16]
                         1        1      2         
dm_exception_addr_i[17]
                         1        1      2         
dm_exception_addr_i[18]
                         1        1      2         
dm_exception_addr_i[19]
                         1        1      2         
dm_exception_addr_i[1]
                         0        1      1         
dm_exception_addr_i[20]
                         1        1      2         
dm_exception_addr_i[21]
                         1        1      2         
dm_exception_addr_i[22]
                         1        1      2         
dm_exception_addr_i[23]
                         1        1      2         
dm_exception_addr_i[24]
                         1        1      2         
dm_exception_addr_i[25]
                         1        1      2         
dm_exception_addr_i[26]
                         1        1      2         
dm_exception_addr_i[27]
                         1        1      2         
dm_exception_addr_i[28]
                         1        1      2         
dm_exception_addr_i[29]
                         1        1      2         
dm_exception_addr_i[2]
                         1        1      2         
dm_exception_addr_i[30]
                         1        1      2         
dm_exception_addr_i[31]
                         1        1      2         
dm_exception_addr_i[3]
                         1        1      2         
dm_exception_addr_i[4]
                         1        1      2         
dm_exception_addr_i[5]
                         1        1      2         
dm_exception_addr_i[6]
                         1        1      2         
dm_exception_addr_i[7]
                         1        1      2         
dm_exception_addr_i[8]
                         1        1      2         
dm_exception_addr_i[9]
                         1        1      2         
dm_halt_addr_i[0]        0        1      1         
dm_halt_addr_i[10]       1        1      2         
dm_halt_addr_i[11]       1        1      2         
dm_halt_addr_i[12]       1        1      2         
dm_halt_addr_i[13]       1        1      2         
dm_halt_addr_i[14]       1        1      2         
dm_halt_addr_i[15]       1        1      2         
dm_halt_addr_i[16]       1        1      2         
dm_halt_addr_i[17]       1        1      2         
dm_halt_addr_i[18]       1        1      2         
dm_halt_addr_i[19]       1        1      2         
dm_halt_addr_i[1]        0        1      1         
dm_halt_addr_i[20]       1        1      2         
dm_halt_addr_i[21]       1        1      2         
dm_halt_addr_i[22]       1        1      2         
dm_halt_addr_i[23]       1        1      2         
dm_halt_addr_i[24]       1        1      2         
dm_halt_addr_i[25]       1        1      2         
dm_halt_addr_i[26]       1        1      2         
dm_halt_addr_i[27]       1        1      2         
dm_halt_addr_i[28]       1        1      2         
dm_halt_addr_i[29]       1        1      2         
dm_halt_addr_i[2]        1        1      2         
dm_halt_addr_i[30]       1        1      2         
dm_halt_addr_i[31]       1        1      2         
dm_halt_addr_i[3]        1        1      2         
dm_halt_addr_i[4]        1        1      2         
dm_halt_addr_i[5]        1        1      2         
dm_halt_addr_i[6]        1        1      2         
dm_halt_addr_i[7]        1        1      2         
dm_halt_addr_i[8]        1        1      2         
dm_halt_addr_i[9]        1        1      2         
fetch_enable_i           1        1      2         
hart_id_i[0]             1        1      2         
hart_id_i[10]            1        1      2         
hart_id_i[11]            1        1      2         
hart_id_i[12]            1        1      2         
hart_id_i[13]            1        1      2         
hart_id_i[14]            1        1      2         
hart_id_i[15]            1        1      2         
hart_id_i[16]            1        1      2         
hart_id_i[17]            1        1      2         
hart_id_i[18]            1        1      2         
hart_id_i[19]            1        1      2         
hart_id_i[1]             1        1      2         
hart_id_i[20]            1        1      2         
hart_id_i[21]            1        1      2         
hart_id_i[22]            1        1      2         
hart_id_i[23]            1        1      2         
hart_id_i[24]            1        1      2         
hart_id_i[25]            1        1      2         
hart_id_i[26]            1        1      2         
hart_id_i[27]            1        1      2         
hart_id_i[28]            1        1      2         
hart_id_i[29]            1        1      2         
hart_id_i[2]             1        1      2         
hart_id_i[30]            1        1      2         
hart_id_i[31]            1        1      2         
hart_id_i[3]             1        1      2         
hart_id_i[4]             1        1      2         
hart_id_i[5]             1        1      2         
hart_id_i[6]             1        1      2         
hart_id_i[7]             1        1      2         
hart_id_i[8]             1        1      2         
hart_id_i[9]             1        1      2         
instr_addr_o[0]          1        1      2         
instr_addr_o[10]         1        1      2         
instr_addr_o[11]         1        1      2         
instr_addr_o[12]         1        1      2         
instr_addr_o[13]         1        1      2         
instr_addr_o[14]         1        1      2         
instr_addr_o[15]         1        1      2         
instr_addr_o[16]         1        1      2         
instr_addr_o[17]         1        1      2         
instr_addr_o[18]         1        1      2         
instr_addr_o[19]         1        1      2         
instr_addr_o[1]          1        1      2         
instr_addr_o[20]         1        1      2         
instr_addr_o[21]         1        1      2         
instr_addr_o[22]         1        1      2         
instr_addr_o[23]         1        1      2         
instr_addr_o[24]         1        1      2         
instr_addr_o[25]         1        1      2         
instr_addr_o[26]         1        1      2         
instr_addr_o[27]         1        1      2         
instr_addr_o[28]         1        1      2         
instr_addr_o[29]         1        1      2         
instr_addr_o[2]          1        1      2         
instr_addr_o[30]         1        1      2         
instr_addr_o[31]         1        1      2         
instr_addr_o[3]          1        1      2         
instr_addr_o[4]          1        1      2         
instr_addr_o[5]          1        1      2         
instr_addr_o[6]          1        1      2         
instr_addr_o[7]          1        1      2         
instr_addr_o[8]          1        1      2         
instr_addr_o[9]          1        1      2         
instr_gnt_i              2        1      3         
instr_rdata_i[0]         2        1      3         
instr_rdata_i[10]        2        1      3         
instr_rdata_i[11]        2        1      3         
instr_rdata_i[12]        2        1      3         
instr_rdata_i[13]        2        1      3         
instr_rdata_i[14]        2        1      3         
instr_rdata_i[15]        2        1      3         
instr_rdata_i[16]        2        1      3         
instr_rdata_i[17]        2        1      3         
instr_rdata_i[18]        2        1      3         
instr_rdata_i[19]        2        1      3         
instr_rdata_i[1]         2        1      3         
instr_rdata_i[20]        2        1      3         
instr_rdata_i[21]        2        1      3         
instr_rdata_i[22]        2        1      3         
instr_rdata_i[23]        2        1      3         
instr_rdata_i[24]        2        1      3         
instr_rdata_i[25]        2        1      3         
instr_rdata_i[26]        2        1      3         
instr_rdata_i[27]        2        1      3         
instr_rdata_i[28]        2        1      3         
instr_rdata_i[29]        2        1      3         
instr_rdata_i[2]         2        1      3         
instr_rdata_i[30]        2        1      3         
instr_rdata_i[31]        2        1      3         
instr_rdata_i[3]         2        1      3         
instr_rdata_i[4]         2        1      3         
instr_rdata_i[5]         2        1      3         
instr_rdata_i[6]         2        1      3         
instr_rdata_i[7]         2        1      3         
instr_rdata_i[8]         2        1      3         
instr_rdata_i[9]         2        1      3         
instr_req_o              1        1      2         
instr_rvalid_i           4        1      5         
irq_ack_o               10        1     11         
irq_i[0]                 1        1      2         
irq_i[10]                1        1      2         
irq_i[11]                2        1      3         
irq_i[12]                1        1      2         
irq_i[13]                1        1      2         
irq_i[14]                1        1      2         
irq_i[15]                1        1      2         
irq_i[16]                2        1      3         
irq_i[17]                2        1      3         
irq_i[18]                2        1      3         
irq_i[19]                2        1      3         
irq_i[1]                 1        1      2         
irq_i[20]                2        1      3         
irq_i[21]                2        1      3         
irq_i[22]                2        1      3         
irq_i[23]                2        1      3         
irq_i[24]                2        1      3         
irq_i[25]                2        1      3         
irq_i[26]                2        1      3         
irq_i[27]                2        1      3         
irq_i[28]                2        1      3         
irq_i[29]                2        1      3         
irq_i[2]                 1        1      2         
irq_i[30]                2        1      3         
irq_i[31]                2        1      3         
irq_i[3]                 2        1      3         
irq_i[4]                 1        1      2         
irq_i[5]                 1        1      2         
irq_i[6]                 1        1      2         
irq_i[7]                 2        1      3         
irq_i[8]                 1        1      2         
irq_i[9]                 1        1      2         
irq_id_o[0]              3        1      4         
irq_id_o[1]              2        1      3         
irq_id_o[2]              1        1      2         
irq_id_o[3]              2        1      3         
irq_id_o[4]              3        1      4         
mtvec_addr_i[0]          0        1      1         
mtvec_addr_i[10]         1        1      2         
mtvec_addr_i[11]         1        1      2         
mtvec_addr_i[12]         1        1      2         
mtvec_addr_i[13]         1        1      2         
mtvec_addr_i[14]         1        1      2         
mtvec_addr_i[15]         1        1      2         
mtvec_addr_i[16]         1        1      2         
mtvec_addr_i[17]         1        1      2         
mtvec_addr_i[18]         1        1      2         
mtvec_addr_i[19]         1        1      2         
mtvec_addr_i[1]          0        1      1         
mtvec_addr_i[20]         1        1      2         
mtvec_addr_i[21]         1        1      2         
mtvec_addr_i[22]         1        1      2         
mtvec_addr_i[23]         1        1      2         
mtvec_addr_i[24]         1        1      2         
mtvec_addr_i[25]         1        1      2         
mtvec_addr_i[26]         1        1      2         
mtvec_addr_i[27]         1        1      2         
mtvec_addr_i[28]         1        1      2         
mtvec_addr_i[29]         1        1      2         
mtvec_addr_i[2]          0        1      1         
mtvec_addr_i[30]         1        1      2         
mtvec_addr_i[31]         1        1      2         
mtvec_addr_i[3]          0        1      1         
mtvec_addr_i[4]          0        1      1         
mtvec_addr_i[5]          0        1      1         
mtvec_addr_i[6]          0        1      1         
mtvec_addr_i[7]          0        1      1         
mtvec_addr_i[8]          1        1      2         
mtvec_addr_i[9]          1        1      2         
pulp_clock_en_i          0        1      1         
rst_ni                   1        1      2         
rst_ni_scan              6        1      7         
scan_clk                 2        1      3         
scan_rst                 1        1      2         
test_mode                4        1      5         

Attributes
    d - user dont_touch
    D - derived dont_touch

--------------------------------------------------------------------------------
Total 394 nets         535      394    929
Maximum                 10        1     11
Average               1.36     1.00   2.36
1
