****************************************
Report : port
        -design_rule
        -input_delay
        -drive
        -output_delay
Module : cv32e40p_top
Mode   : func
Corner : slow_Cmax
Scenario: func_slow_Cmax
Version: O-2018.06-SP1
Date   : Sun Jun 29 18:46:47 2025
****************************************
                      Pin Cap                    Wire Cap
                   Min          Max           Min          Max
Port      Dir    rise/fall    rise/fall     rise/fall    rise/fall    Attributes
--------------------------------------------------------------------------------
clk_i     in     0.00/0.00    0.00/0.00     0.00/0.00    0.00/0.00

Port           MaxTrans MaxCap   MinCap
-------------------------------------------
clk_i          --       90.65    0.15

                      Input Delay
                    Min             Max       Related Related
 Input Port     Rise    Fall    Rise    Fall   Clock   Pin
-----------------------------------------------------------------
clk_i           --      --      --      --      --      --

            Resistance (min/max)
Input Port  Rise             Fall
--------------------------------------------------------------------------------
clk_i       --               --

                      Driving Cell
Input Port     Type     Cell                Mult      Clock     Attrs
--------------------------------------------------------------------------------
clk_i          min_rise SAEDRVT14_BUF_4/X   
clk_i          min_fall SAEDRVT14_BUF_4/X   
clk_i          max_rise SAEDRVT14_BUF_4/X   
clk_i          max_fall SAEDRVT14_BUF_4/X   
1
